2026/05/08 07:19:53 [notice] 1#1: using the "epoll" event method
2026/05/08 07:19:53 [notice] 1#1: nginx/1.29.8
2026/05/08 07:19:53 [notice] 1#1: built by gcc 14.2.0 (Debian 14.2.0-19) 
2026/05/08 07:19:53 [notice] 1#1: OS: Linux 5.14.0-611.11.1.el9_7.x86_64
2026/05/08 07:19:53 [notice] 1#1: getrlimit(RLIMIT_NOFILE): 1024:524288
2026/05/08 07:19:53 [notice] 1#1: start worker processes
2026/05/08 07:19:53 [notice] 1#1: start worker process 29
2026/05/08 07:19:53 [notice] 1#1: start worker process 30
2026/05/08 07:22:07 [notice] 1#1: signal 3 (SIGQUIT) received, shutting down
2026/05/08 07:22:07 [notice] 30#30: gracefully shutting down
2026/05/08 07:22:07 [notice] 29#29: gracefully shutting down
2026/05/08 07:22:07 [notice] 30#30: exiting
2026/05/08 07:22:07 [notice] 29#29: exiting
2026/05/08 07:22:07 [notice] 30#30: exit
2026/05/08 07:22:07 [notice] 29#29: exit
2026/05/08 07:22:07 [notice] 1#1: signal 17 (SIGCHLD) received from 30
2026/05/08 07:22:07 [notice] 1#1: worker process 29 exited with code 0
2026/05/08 07:22:07 [notice] 1#1: worker process 30 exited with code 0
2026/05/08 07:22:07 [notice] 1#1: exit
2026/05/08 07:23:06 [notice] 1#1: using the "epoll" event method
2026/05/08 07:23:06 [notice] 1#1: nginx/1.29.8
2026/05/08 07:23:06 [notice] 1#1: built by gcc 14.2.0 (Debian 14.2.0-19) 
2026/05/08 07:23:06 [notice] 1#1: OS: Linux 5.14.0-611.11.1.el9_7.x86_64
2026/05/08 07:23:06 [notice] 1#1: getrlimit(RLIMIT_NOFILE): 1024:524288
2026/05/08 07:23:06 [notice] 1#1: start worker processes
2026/05/08 07:23:06 [notice] 1#1: start worker process 29
2026/05/08 07:23:06 [notice] 1#1: start worker process 30
2026/05/08 07:24:01 [notice] 1#1: signal 3 (SIGQUIT) received, shutting down
2026/05/08 07:24:01 [notice] 29#29: gracefully shutting down
2026/05/08 07:24:01 [notice] 29#29: exiting
2026/05/08 07:24:01 [notice] 29#29: exit
2026/05/08 07:24:01 [notice] 30#30: gracefully shutting down
2026/05/08 07:24:01 [notice] 30#30: exiting
2026/05/08 07:24:01 [notice] 30#30: exit
2026/05/08 07:24:01 [notice] 1#1: signal 17 (SIGCHLD) received from 30
2026/05/08 07:24:01 [notice] 1#1: worker process 29 exited with code 0
2026/05/08 07:24:01 [notice] 1#1: worker process 30 exited with code 0
2026/05/08 07:24:01 [notice] 1#1: exit
2026/05/08 07:24:57 [notice] 1#1: using the "epoll" event method
2026/05/08 07:24:57 [notice] 1#1: nginx/1.29.8
2026/05/08 07:24:57 [notice] 1#1: built by gcc 14.2.0 (Debian 14.2.0-19) 
2026/05/08 07:24:57 [notice] 1#1: OS: Linux 5.14.0-611.11.1.el9_7.x86_64
2026/05/08 07:24:57 [notice] 1#1: getrlimit(RLIMIT_NOFILE): 1024:524288
2026/05/08 07:24:57 [notice] 1#1: start worker processes
2026/05/08 07:24:57 [notice] 1#1: start worker process 30
2026/05/08 07:24:57 [notice] 1#1: start worker process 31
2026/05/08 07:31:54 [notice] 1#1: signal 3 (SIGQUIT) received, shutting down
2026/05/08 07:31:54 [notice] 30#30: gracefully shutting down
2026/05/08 07:31:54 [notice] 30#30: exiting
2026/05/08 07:31:54 [notice] 30#30: exit
2026/05/08 07:31:54 [notice] 31#31: gracefully shutting down
2026/05/08 07:31:54 [notice] 31#31: exiting
2026/05/08 07:31:54 [notice] 31#31: exit
2026/05/08 07:31:55 [notice] 1#1: signal 17 (SIGCHLD) received from 30
2026/05/08 07:31:55 [notice] 1#1: worker process 30 exited with code 0
2026/05/08 07:31:55 [notice] 1#1: worker process 31 exited with code 0
2026/05/08 07:31:55 [notice] 1#1: exit
2026/05/08 07:32:26 [notice] 1#1: using the "epoll" event method
2026/05/08 07:32:26 [notice] 1#1: nginx/1.29.8
2026/05/08 07:32:26 [notice] 1#1: built by gcc 14.2.0 (Debian 14.2.0-19) 
2026/05/08 07:32:26 [notice] 1#1: OS: Linux 5.14.0-611.11.1.el9_7.x86_64
2026/05/08 07:32:26 [notice] 1#1: getrlimit(RLIMIT_NOFILE): 1024:524288
2026/05/08 07:32:26 [notice] 1#1: start worker processes
2026/05/08 07:32:26 [notice] 1#1: start worker process 29
2026/05/08 07:32:26 [notice] 1#1: start worker process 30
2026/05/08 09:13:27 [notice] 1#1: signal 3 (SIGQUIT) received, shutting down
2026/05/08 09:13:27 [notice] 30#30: gracefully shutting down
2026/05/08 09:13:27 [notice] 30#30: exiting
2026/05/08 09:13:27 [notice] 30#30: exit
2026/05/08 09:13:27 [notice] 29#29: gracefully shutting down
2026/05/08 09:13:27 [notice] 29#29: exiting
2026/05/08 09:13:27 [notice] 29#29: exit
2026/05/08 09:13:27 [notice] 1#1: signal 17 (SIGCHLD) received from 30
2026/05/08 09:13:27 [notice] 1#1: worker process 30 exited with code 0
2026/05/08 09:13:27 [notice] 1#1: signal 29 (SIGIO) received
2026/05/08 09:13:27 [notice] 1#1: signal 17 (SIGCHLD) received from 29
2026/05/08 09:13:27 [notice] 1#1: worker process 29 exited with code 0
2026/05/08 09:13:27 [notice] 1#1: exit
2026/05/08 09:41:18 [notice] 1#1: using the "epoll" event method
2026/05/08 09:41:18 [notice] 1#1: nginx/1.29.8
2026/05/08 09:41:18 [notice] 1#1: built by gcc 14.2.0 (Debian 14.2.0-19) 
2026/05/08 09:41:18 [notice] 1#1: OS: Linux 5.14.0-611.11.1.el9_7.x86_64
2026/05/08 09:41:18 [notice] 1#1: getrlimit(RLIMIT_NOFILE): 1024:524288
2026/05/08 09:41:18 [notice] 1#1: start worker processes
2026/05/08 09:41:18 [notice] 1#1: start worker process 29
2026/05/08 09:41:18 [notice] 1#1: start worker process 30
2026/05/08 09:42:00 [error] 30#30: *2 open() "/usr/share/nginx/html/login" failed (2: No such file or directory), client: 172.19.0.1, server: localhost, request: "GET /login HTTP/1.1", host: "127.0.0.1"
